  test.c
D:\C语言\homework\2025 12 28\2025 12 28\test.c(8,9): warning C4477: “printf”: 格式字符串“%d”需要类型“int”的参数，但可变参数 1 拥有了类型“size_t”
      D:\C语言\homework\2025 12 28\2025 12 28\test.c(8,9):
      请考虑在格式字符串中使用“%zd”
  
D:\C语言\homework\2025 12 28\2025 12 28\test.c(9,24): warning C4047: “函数”:“const char *”与“char”的间接级别不同
D:\C语言\homework\2025 12 28\2025 12 28\test.c(9,24): warning C4024: “strlen”: 形参和实参 1 的类型不同
D:\C语言\homework\2025 12 28\2025 12 28\test.c(9,9): warning C4477: “printf”: 格式字符串“%d”需要类型“int”的参数，但可变参数 1 拥有了类型“size_t”
      D:\C语言\homework\2025 12 28\2025 12 28\test.c(9,9):
      请考虑在格式字符串中使用“%zd”
  
D:\C语言\homework\2025 12 28\2025 12 28\test.c(10,27): warning C4047: “函数”:“const char *”与“char”的间接级别不同
D:\C语言\homework\2025 12 28\2025 12 28\test.c(10,27): warning C4024: “strlen”: 形参和实参 1 的类型不同
D:\C语言\homework\2025 12 28\2025 12 28\test.c(10,9): warning C4477: “printf”: 格式字符串“%d”需要类型“int”的参数，但可变参数 1 拥有了类型“size_t”
      D:\C语言\homework\2025 12 28\2025 12 28\test.c(10,9):
      请考虑在格式字符串中使用“%zd”
  
D:\C语言\homework\2025 12 28\2025 12 28\test.c(11,24): warning C4047: “函数”:“const char *”与“char (*)[6]”的间接级别不同
D:\C语言\homework\2025 12 28\2025 12 28\test.c(11,24): warning C4024: “strlen”: 形参和实参 1 的类型不同
D:\C语言\homework\2025 12 28\2025 12 28\test.c(11,9): warning C4477: “printf”: 格式字符串“%d”需要类型“int”的参数，但可变参数 1 拥有了类型“size_t”
      D:\C语言\homework\2025 12 28\2025 12 28\test.c(11,9):
      请考虑在格式字符串中使用“%zd”
  
D:\C语言\homework\2025 12 28\2025 12 28\test.c(12,29): warning C4047: “函数”:“const char *”与“char (*)[6]”的间接级别不同
D:\C语言\homework\2025 12 28\2025 12 28\test.c(12,29): warning C4024: “strlen”: 形参和实参 1 的类型不同
D:\C语言\homework\2025 12 28\2025 12 28\test.c(12,9): warning C4477: “printf”: 格式字符串“%d”需要类型“int”的参数，但可变参数 1 拥有了类型“size_t”
      D:\C语言\homework\2025 12 28\2025 12 28\test.c(12,9):
      请考虑在格式字符串中使用“%zd”
  
D:\C语言\homework\2025 12 28\2025 12 28\test.c(13,9): warning C4477: “printf”: 格式字符串“%d”需要类型“int”的参数，但可变参数 1 拥有了类型“size_t”
      D:\C语言\homework\2025 12 28\2025 12 28\test.c(13,9):
      请考虑在格式字符串中使用“%zd”
  
  2025 12 28.vcxproj -> D:\C语言\homework\2025 12 28\x64\Debug\2025 12 28.exe
