  FileName.cpp
D:\C语言\homework\Project2\Project2\FileName.cpp(20,6): error C3873: “0x2018”: 不允许将此字符作为标识符的第一个字符
D:\C语言\homework\Project2\Project2\FileName.cpp(20,6): error C3872: “0x2019”: 此字符不允许在标识符中使用
D:\C语言\homework\Project2\Project2\FileName.cpp(20,6): error C2065: “‘B’”: 未声明的标识符
D:\C语言\homework\Project2\Project2\FileName.cpp(22,21): error C3873: “0x2018”: 不允许将此字符作为标识符的第一个字符
D:\C语言\homework\Project2\Project2\FileName.cpp(22,24): error C2017: 非法的转义序列
D:\C语言\homework\Project2\Project2\FileName.cpp(22,25): error C3872: “0x2019”: 此字符不允许在标识符中使用
D:\C语言\homework\Project2\Project2\FileName.cpp(22,21): error C2065: “‘”: 未声明的标识符
D:\C语言\homework\Project2\Project2\FileName.cpp(22,25): error C2146: 语法错误: 缺少“)”(在标识符“n’”的前面)
D:\C语言\homework\Project2\Project2\FileName.cpp(22,25): error C2146: 语法错误: 缺少“;”(在标识符“n’”的前面)
D:\C语言\homework\Project2\Project2\FileName.cpp(22,29): error C2059: 语法错误:“)”
D:\C语言\homework\Project2\Project2\FileName.cpp(22,25): error C2065: “n’”: 未声明的标识符
D:\C语言\homework\Project2\Project2\FileName.cpp(23,21): error C3873: “0x2018”: 不允许将此字符作为标识符的第一个字符
D:\C语言\homework\Project2\Project2\FileName.cpp(23,24): error C2017: 非法的转义序列
D:\C语言\homework\Project2\Project2\FileName.cpp(23,25): error C3872: “0x2019”: 此字符不允许在标识符中使用
D:\C语言\homework\Project2\Project2\FileName.cpp(23,21): error C2065: “‘”: 未声明的标识符
D:\C语言\homework\Project2\Project2\FileName.cpp(23,25): error C2146: 语法错误: 缺少“)”(在标识符“n’”的前面)
D:\C语言\homework\Project2\Project2\FileName.cpp(23,25): error C2146: 语法错误: 缺少“;”(在标识符“n’”的前面)
D:\C语言\homework\Project2\Project2\FileName.cpp(23,29): error C2059: 语法错误:“)”
D:\C语言\homework\Project2\Project2\FileName.cpp(23,25): error C2065: “n’”: 未声明的标识符
D:\C语言\homework\Project2\Project2\FileName.cpp(24,10): error C3873: “0x2018”: 不允许将此字符作为标识符的第一个字符
D:\C语言\homework\Project2\Project2\FileName.cpp(24,10): error C3872: “0x2019”: 此字符不允许在标识符中使用
D:\C语言\homework\Project2\Project2\FileName.cpp(24,10): error C2065: “‘Y’”: 未声明的标识符
D:\C语言\homework\Project2\Project2\FileName.cpp(25,2): error C2065: “return0”: 未声明的标识符
